<?xml version="1.0" encoding="UTF-8"?>
<testsuites>
  <testsuite name="typelist_utils" errors="0" failures="0" tests="76" hostname="tbd" time="0.001" timestamp="2021-12-22T09:20:22Z">
    <testcase classname="typelist_utils.global" name="tl::start_with works/Empty tuples" time="0.000" status="run"/>
    <testcase classname="typelist_utils.global" name="tl::start_with works/Non empty tuples" time="0.000" status="run"/>
    <testcase classname="typelist_utils.global" name="tl::count works/Empty tuples" time="0.000" status="run"/>
    <testcase classname="typelist_utils.global" name="tl::count works/Non empty tuples" time="0.000" status="run"/>
    <testcase classname="typelist_utils.global" name="tl::contains works/Empty tuples" time="0.000" status="run"/>
    <testcase classname="typelist_utils.global" name="tl::contains works/Non empty tuples" time="0.000" status="run"/>
    <testcase classname="typelist_utils.global" name="tl::contains_all works/Empty tuples" time="0.000" status="run"/>
    <testcase classname="typelist_utils.global" name="tl::contains_all works/Non empty tuples" time="0.000" status="run"/>
    <testcase classname="typelist_utils.global" name="tl::concat works/Empty tuples" time="0.000" status="run"/>
    <testcase classname="typelist_utils.global" name="tl::concat works/Non empty tuples" time="0.000" status="run"/>
    <testcase classname="typelist_utils.global" name="tl::split works/Empty tuple" time="0.000" status="run"/>
    <testcase classname="typelist_utils.global" name="tl::split works/Unit tuple" time="0.000" status="run"/>
    <testcase classname="typelist_utils.global" name="tl::split works/Bigger tuples" time="0.000" status="run"/>
    <testcase classname="typelist_utils.global" name="tl::for_each works/Empty tuples" time="0.000" status="run"/>
    <testcase classname="typelist_utils.global" name="tl::for_each works/Non empty tuples" time="0.000" status="run"/>
    <testcase classname="typelist_utils.global" name="tl::swap_elements works/Short tuples" time="0.000" status="run"/>
    <testcase classname="typelist_utils.global" name="tl::swap_elements works/Bigger tuples" time="0.000" status="run"/>
    <testcase classname="typelist_utils.global" name="tl::sort works/Test utilities/Check sorting predicates" time="0.000" status="run"/>
    <testcase classname="typelist_utils.global" name="tl::sort works/Test utilities/Check that splitting function works" time="0.000" status="run"/>
    <testcase classname="typelist_utils.global" name="tl::sort works/Empty tuples" time="0.000" status="run"/>
    <testcase classname="typelist_utils.global" name="tl::sort works/Sorted in Ascending order" time="0.000" status="run"/>
    <testcase classname="typelist_utils.global" name="tl::sort works/Sorted in Descending order" time="0.000" status="run"/>
    <testcase classname="typelist_utils.global" name="tl::sort works/Mixed" time="0.000" status="run"/>
    <system-out/>
    <system-err/>
  </testsuite>
</testsuites>
